Archive member included because of file (symbol)

lib/libstm32.a(stm32f10x_flash.o)
                              main.o (FLASH_SetLatency)
lib/libstm32.a(stm32f10x_gpio.o)
                              main.o (GPIO_Init)
lib/libstm32.a(stm32f10x_nvic.o)
                              main.o (NVIC_SetVectorTable)
lib/libstm32.a(stm32f10x_rcc.o)
                              main.o (RCC_DeInit)
lib/libstm32.a(cortexm3_macro.o)
                              lib/libstm32.a(stm32f10x_nvic.o) (__SETPRIMASK)
lib/libstm32.a(stm32f10x_vector.o)
                              (Reset_Handler)
/opt/gcc-arm-none-eabi-4_9-2015q3/bin/../lib/gcc/arm-none-eabi/4.9.3/../../../../arm-none-eabi/lib/libc.a(lib_a-exit.o)
                              /opt/gcc-arm-none-eabi-4_9-2015q3/bin/../lib/gcc/arm-none-eabi/4.9.3/../../../../arm-none-eabi/lib/crt0.o (exit)
/opt/gcc-arm-none-eabi-4_9-2015q3/bin/../lib/gcc/arm-none-eabi/4.9.3/../../../../arm-none-eabi/lib/libc.a(lib_a-impure.o)
                              /opt/gcc-arm-none-eabi-4_9-2015q3/bin/../lib/gcc/arm-none-eabi/4.9.3/../../../../arm-none-eabi/lib/libc.a(lib_a-exit.o) (_global_impure_ptr)
/opt/gcc-arm-none-eabi-4_9-2015q3/bin/../lib/gcc/arm-none-eabi/4.9.3/../../../../arm-none-eabi/lib/libc.a(lib_a-init.o)
                              /opt/gcc-arm-none-eabi-4_9-2015q3/bin/../lib/gcc/arm-none-eabi/4.9.3/../../../../arm-none-eabi/lib/crt0.o (__libc_init_array)
/opt/gcc-arm-none-eabi-4_9-2015q3/bin/../lib/gcc/arm-none-eabi/4.9.3/../../../../arm-none-eabi/lib/libc.a(lib_a-memset.o)
                              /opt/gcc-arm-none-eabi-4_9-2015q3/bin/../lib/gcc/arm-none-eabi/4.9.3/../../../../arm-none-eabi/lib/crt0.o (memset)
/opt/gcc-arm-none-eabi-4_9-2015q3/bin/../lib/gcc/arm-none-eabi/4.9.3/../../../../arm-none-eabi/lib/libc.a(lib_a-__call_atexit.o)
                              /opt/gcc-arm-none-eabi-4_9-2015q3/bin/../lib/gcc/arm-none-eabi/4.9.3/../../../../arm-none-eabi/lib/libc.a(lib_a-exit.o) (__call_exitprocs)
/opt/gcc-arm-none-eabi-4_9-2015q3/bin/../lib/gcc/arm-none-eabi/4.9.3/../../../../arm-none-eabi/lib/libc.a(lib_a-atexit.o)
                              /opt/gcc-arm-none-eabi-4_9-2015q3/bin/../lib/gcc/arm-none-eabi/4.9.3/../../../../arm-none-eabi/lib/libc.a(lib_a-__call_atexit.o) (atexit)
/opt/gcc-arm-none-eabi-4_9-2015q3/bin/../lib/gcc/arm-none-eabi/4.9.3/../../../../arm-none-eabi/lib/libc.a(lib_a-fini.o)
                              /opt/gcc-arm-none-eabi-4_9-2015q3/bin/../lib/gcc/arm-none-eabi/4.9.3/../../../../arm-none-eabi/lib/libc.a(lib_a-__call_atexit.o) (__libc_fini_array)
/opt/gcc-arm-none-eabi-4_9-2015q3/bin/../lib/gcc/arm-none-eabi/4.9.3/../../../../arm-none-eabi/lib/libc.a(lib_a-__atexit.o)
                              /opt/gcc-arm-none-eabi-4_9-2015q3/bin/../lib/gcc/arm-none-eabi/4.9.3/../../../../arm-none-eabi/lib/libc.a(lib_a-atexit.o) (__register_exitproc)

Allocating common symbols
Common symbol       size              file

HSEStartUpStatus    0x1               main.o
GPIO_InitStructure  0x4               main.o

Discarded input sections

 .text          0x00000000        0x0 /opt/gcc-arm-none-eabi-4_9-2015q3/bin/../lib/gcc/arm-none-eabi/4.9.3/crti.o
 .data          0x00000000        0x0 /opt/gcc-arm-none-eabi-4_9-2015q3/bin/../lib/gcc/arm-none-eabi/4.9.3/crti.o
 .bss           0x00000000        0x0 /opt/gcc-arm-none-eabi-4_9-2015q3/bin/../lib/gcc/arm-none-eabi/4.9.3/crti.o
 .init          0x00000000        0xc /opt/gcc-arm-none-eabi-4_9-2015q3/bin/../lib/gcc/arm-none-eabi/4.9.3/crti.o
 .fini          0x00000000        0xc /opt/gcc-arm-none-eabi-4_9-2015q3/bin/../lib/gcc/arm-none-eabi/4.9.3/crti.o
 .ARM.attributes
                0x00000000       0x16 /opt/gcc-arm-none-eabi-4_9-2015q3/bin/../lib/gcc/arm-none-eabi/4.9.3/crti.o
 .text          0x00000000       0x98 /opt/gcc-arm-none-eabi-4_9-2015q3/bin/../lib/gcc/arm-none-eabi/4.9.3/crtbegin.o
 .data          0x00000000        0x4 /opt/gcc-arm-none-eabi-4_9-2015q3/bin/../lib/gcc/arm-none-eabi/4.9.3/crtbegin.o
 .bss           0x00000000       0x1c /opt/gcc-arm-none-eabi-4_9-2015q3/bin/../lib/gcc/arm-none-eabi/4.9.3/crtbegin.o
 .init_array    0x00000000        0x4 /opt/gcc-arm-none-eabi-4_9-2015q3/bin/../lib/gcc/arm-none-eabi/4.9.3/crtbegin.o
 .fini_array    0x00000000        0x4 /opt/gcc-arm-none-eabi-4_9-2015q3/bin/../lib/gcc/arm-none-eabi/4.9.3/crtbegin.o
 .eh_frame      0x00000000        0x0 /opt/gcc-arm-none-eabi-4_9-2015q3/bin/../lib/gcc/arm-none-eabi/4.9.3/crtbegin.o
 .jcr           0x00000000        0x0 /opt/gcc-arm-none-eabi-4_9-2015q3/bin/../lib/gcc/arm-none-eabi/4.9.3/crtbegin.o
 .ARM.attributes
                0x00000000       0x30 /opt/gcc-arm-none-eabi-4_9-2015q3/bin/../lib/gcc/arm-none-eabi/4.9.3/crtbegin.o
 .text          0x00000000      0x114 /opt/gcc-arm-none-eabi-4_9-2015q3/bin/../lib/gcc/arm-none-eabi/4.9.3/../../../../arm-none-eabi/lib/crt0.o
 .data          0x00000000        0x0 /opt/gcc-arm-none-eabi-4_9-2015q3/bin/../lib/gcc/arm-none-eabi/4.9.3/../../../../arm-none-eabi/lib/crt0.o
 .bss           0x00000000        0x0 /opt/gcc-arm-none-eabi-4_9-2015q3/bin/../lib/gcc/arm-none-eabi/4.9.3/../../../../arm-none-eabi/lib/crt0.o
 .ARM.extab     0x00000000        0x0 /opt/gcc-arm-none-eabi-4_9-2015q3/bin/../lib/gcc/arm-none-eabi/4.9.3/../../../../arm-none-eabi/lib/crt0.o
 .ARM.exidx     0x00000000        0x8 /opt/gcc-arm-none-eabi-4_9-2015q3/bin/../lib/gcc/arm-none-eabi/4.9.3/../../../../arm-none-eabi/lib/crt0.o
 .ARM.attributes
                0x00000000       0x14 /opt/gcc-arm-none-eabi-4_9-2015q3/bin/../lib/gcc/arm-none-eabi/4.9.3/../../../../arm-none-eabi/lib/crt0.o
 .data          0x00000000        0x0 main.o
 .bss           0x00000000        0x0 main.o
 .data          0x00000000        0x0 stm32f10x_it.o
 .bss           0x00000000        0x0 stm32f10x_it.o
 .data          0x00000000        0x0 lib/libstm32.a(stm32f10x_flash.o)
 .bss           0x00000000        0x0 lib/libstm32.a(stm32f10x_flash.o)
 .data          0x00000000        0x0 lib/libstm32.a(stm32f10x_gpio.o)
 .bss           0x00000000        0x0 lib/libstm32.a(stm32f10x_gpio.o)
 .data          0x00000000        0x0 lib/libstm32.a(stm32f10x_nvic.o)
 .bss           0x00000000        0x0 lib/libstm32.a(stm32f10x_nvic.o)
 .data          0x00000000        0x0 lib/libstm32.a(stm32f10x_rcc.o)
 .data          0x00000000        0x0 lib/libstm32.a(cortexm3_macro.o)
 .bss           0x00000000        0x0 lib/libstm32.a(cortexm3_macro.o)
 .data          0x00000000        0x0 lib/libstm32.a(stm32f10x_vector.o)
 .bss           0x00000000        0x0 lib/libstm32.a(stm32f10x_vector.o)
 .text          0x00000000        0x0 /opt/gcc-arm-none-eabi-4_9-2015q3/bin/../lib/gcc/arm-none-eabi/4.9.3/../../../../arm-none-eabi/lib/libc.a(lib_a-exit.o)
 .data          0x00000000        0x0 /opt/gcc-arm-none-eabi-4_9-2015q3/bin/../lib/gcc/arm-none-eabi/4.9.3/../../../../arm-none-eabi/lib/libc.a(lib_a-exit.o)
 .bss           0x00000000        0x0 /opt/gcc-arm-none-eabi-4_9-2015q3/bin/../lib/gcc/arm-none-eabi/4.9.3/../../../../arm-none-eabi/lib/libc.a(lib_a-exit.o)
 .text.exit     0x00000000       0x34 /opt/gcc-arm-none-eabi-4_9-2015q3/bin/../lib/gcc/arm-none-eabi/4.9.3/../../../../arm-none-eabi/lib/libc.a(lib_a-exit.o)
 .debug_frame   0x00000000       0x28 /opt/gcc-arm-none-eabi-4_9-2015q3/bin/../lib/gcc/arm-none-eabi/4.9.3/../../../../arm-none-eabi/lib/libc.a(lib_a-exit.o)
 .ARM.attributes
                0x00000000       0x30 /opt/gcc-arm-none-eabi-4_9-2015q3/bin/../lib/gcc/arm-none-eabi/4.9.3/../../../../arm-none-eabi/lib/libc.a(lib_a-exit.o)
 .text          0x00000000        0x0 /opt/gcc-arm-none-eabi-4_9-2015q3/bin/../lib/gcc/arm-none-eabi/4.9.3/../../../../arm-none-eabi/lib/libc.a(lib_a-impure.o)
 .data          0x00000000        0x0 /opt/gcc-arm-none-eabi-4_9-2015q3/bin/../lib/gcc/arm-none-eabi/4.9.3/../../../../arm-none-eabi/lib/libc.a(lib_a-impure.o)
 .bss           0x00000000        0x0 /opt/gcc-arm-none-eabi-4_9-2015q3/bin/../lib/gcc/arm-none-eabi/4.9.3/../../../../arm-none-eabi/lib/libc.a(lib_a-impure.o)
 .data.impure_data
                0x00000000      0x428 /opt/gcc-arm-none-eabi-4_9-2015q3/bin/../lib/gcc/arm-none-eabi/4.9.3/../../../../arm-none-eabi/lib/libc.a(lib_a-impure.o)
 .data._impure_ptr
                0x00000000        0x4 /opt/gcc-arm-none-eabi-4_9-2015q3/bin/../lib/gcc/arm-none-eabi/4.9.3/../../../../arm-none-eabi/lib/libc.a(lib_a-impure.o)
 .rodata.str1.4
                0x00000000        0x2 /opt/gcc-arm-none-eabi-4_9-2015q3/bin/../lib/gcc/arm-none-eabi/4.9.3/../../../../arm-none-eabi/lib/libc.a(lib_a-impure.o)
 .rodata._global_impure_ptr
                0x00000000        0x4 /opt/gcc-arm-none-eabi-4_9-2015q3/bin/../lib/gcc/arm-none-eabi/4.9.3/../../../../arm-none-eabi/lib/libc.a(lib_a-impure.o)
 .ARM.attributes
                0x00000000       0x30 /opt/gcc-arm-none-eabi-4_9-2015q3/bin/../lib/gcc/arm-none-eabi/4.9.3/../../../../arm-none-eabi/lib/libc.a(lib_a-impure.o)
 .text          0x00000000        0x0 /opt/gcc-arm-none-eabi-4_9-2015q3/bin/../lib/gcc/arm-none-eabi/4.9.3/../../../../arm-none-eabi/lib/libc.a(lib_a-init.o)
 .data          0x00000000        0x0 /opt/gcc-arm-none-eabi-4_9-2015q3/bin/../lib/gcc/arm-none-eabi/4.9.3/../../../../arm-none-eabi/lib/libc.a(lib_a-init.o)
 .bss           0x00000000        0x0 /opt/gcc-arm-none-eabi-4_9-2015q3/bin/../lib/gcc/arm-none-eabi/4.9.3/../../../../arm-none-eabi/lib/libc.a(lib_a-init.o)
 .text.__libc_init_array
                0x00000000       0x80 /opt/gcc-arm-none-eabi-4_9-2015q3/bin/../lib/gcc/arm-none-eabi/4.9.3/../../../../arm-none-eabi/lib/libc.a(lib_a-init.o)
 .debug_frame   0x00000000       0x34 /opt/gcc-arm-none-eabi-4_9-2015q3/bin/../lib/gcc/arm-none-eabi/4.9.3/../../../../arm-none-eabi/lib/libc.a(lib_a-init.o)
 .ARM.attributes
                0x00000000       0x30 /opt/gcc-arm-none-eabi-4_9-2015q3/bin/../lib/gcc/arm-none-eabi/4.9.3/../../../../arm-none-eabi/lib/libc.a(lib_a-init.o)
 .text          0x00000000        0x0 /opt/gcc-arm-none-eabi-4_9-2015q3/bin/../lib/gcc/arm-none-eabi/4.9.3/../../../../arm-none-eabi/lib/libc.a(lib_a-memset.o)
 .data          0x00000000        0x0 /opt/gcc-arm-none-eabi-4_9-2015q3/bin/../lib/gcc/arm-none-eabi/4.9.3/../../../../arm-none-eabi/lib/libc.a(lib_a-memset.o)
 .bss           0x00000000        0x0 /opt/gcc-arm-none-eabi-4_9-2015q3/bin/../lib/gcc/arm-none-eabi/4.9.3/../../../../arm-none-eabi/lib/libc.a(lib_a-memset.o)
 .text.memset   0x00000000       0xf4 /opt/gcc-arm-none-eabi-4_9-2015q3/bin/../lib/gcc/arm-none-eabi/4.9.3/../../../../arm-none-eabi/lib/libc.a(lib_a-memset.o)
 .debug_frame   0x00000000       0x30 /opt/gcc-arm-none-eabi-4_9-2015q3/bin/../lib/gcc/arm-none-eabi/4.9.3/../../../../arm-none-eabi/lib/libc.a(lib_a-memset.o)
 .ARM.attributes
                0x00000000       0x30 /opt/gcc-arm-none-eabi-4_9-2015q3/bin/../lib/gcc/arm-none-eabi/4.9.3/../../../../arm-none-eabi/lib/libc.a(lib_a-memset.o)
 .text          0x00000000        0x0 /opt/gcc-arm-none-eabi-4_9-2015q3/bin/../lib/gcc/arm-none-eabi/4.9.3/../../../../arm-none-eabi/lib/libc.a(lib_a-__call_atexit.o)
 .data          0x00000000        0x0 /opt/gcc-arm-none-eabi-4_9-2015q3/bin/../lib/gcc/arm-none-eabi/4.9.3/../../../../arm-none-eabi/lib/libc.a(lib_a-__call_atexit.o)
 .bss           0x00000000        0x0 /opt/gcc-arm-none-eabi-4_9-2015q3/bin/../lib/gcc/arm-none-eabi/4.9.3/../../../../arm-none-eabi/lib/libc.a(lib_a-__call_atexit.o)
 .text.startup.register_fini
                0x00000000       0x24 /opt/gcc-arm-none-eabi-4_9-2015q3/bin/../lib/gcc/arm-none-eabi/4.9.3/../../../../arm-none-eabi/lib/libc.a(lib_a-__call_atexit.o)
 .init_array.00000
                0x00000000        0x4 /opt/gcc-arm-none-eabi-4_9-2015q3/bin/../lib/gcc/arm-none-eabi/4.9.3/../../../../arm-none-eabi/lib/libc.a(lib_a-__call_atexit.o)
 .text.__call_exitprocs
                0x00000000      0x16c /opt/gcc-arm-none-eabi-4_9-2015q3/bin/../lib/gcc/arm-none-eabi/4.9.3/../../../../arm-none-eabi/lib/libc.a(lib_a-__call_atexit.o)
 .debug_frame   0x00000000       0x68 /opt/gcc-arm-none-eabi-4_9-2015q3/bin/../lib/gcc/arm-none-eabi/4.9.3/../../../../arm-none-eabi/lib/libc.a(lib_a-__call_atexit.o)
 .ARM.attributes
                0x00000000       0x30 /opt/gcc-arm-none-eabi-4_9-2015q3/bin/../lib/gcc/arm-none-eabi/4.9.3/../../../../arm-none-eabi/lib/libc.a(lib_a-__call_atexit.o)
 .text          0x00000000        0x0 /opt/gcc-arm-none-eabi-4_9-2015q3/bin/../lib/gcc/arm-none-eabi/4.9.3/../../../../arm-none-eabi/lib/libc.a(lib_a-atexit.o)
 .data          0x00000000        0x0 /opt/gcc-arm-none-eabi-4_9-2015q3/bin/../lib/gcc/arm-none-eabi/4.9.3/../../../../arm-none-eabi/lib/libc.a(lib_a-atexit.o)
 .bss           0x00000000        0x0 /opt/gcc-arm-none-eabi-4_9-2015q3/bin/../lib/gcc/arm-none-eabi/4.9.3/../../../../arm-none-eabi/lib/libc.a(lib_a-atexit.o)
 .text.atexit   0x00000000       0x20 /opt/gcc-arm-none-eabi-4_9-2015q3/bin/../lib/gcc/arm-none-eabi/4.9.3/../../../../arm-none-eabi/lib/libc.a(lib_a-atexit.o)
 .debug_frame   0x00000000       0x2c /opt/gcc-arm-none-eabi-4_9-2015q3/bin/../lib/gcc/arm-none-eabi/4.9.3/../../../../arm-none-eabi/lib/libc.a(lib_a-atexit.o)
 .ARM.attributes
                0x00000000       0x30 /opt/gcc-arm-none-eabi-4_9-2015q3/bin/../lib/gcc/arm-none-eabi/4.9.3/../../../../arm-none-eabi/lib/libc.a(lib_a-atexit.o)
 .text          0x00000000        0x0 /opt/gcc-arm-none-eabi-4_9-2015q3/bin/../lib/gcc/arm-none-eabi/4.9.3/../../../../arm-none-eabi/lib/libc.a(lib_a-fini.o)
 .data          0x00000000        0x0 /opt/gcc-arm-none-eabi-4_9-2015q3/bin/../lib/gcc/arm-none-eabi/4.9.3/../../../../arm-none-eabi/lib/libc.a(lib_a-fini.o)
 .bss           0x00000000        0x0 /opt/gcc-arm-none-eabi-4_9-2015q3/bin/../lib/gcc/arm-none-eabi/4.9.3/../../../../arm-none-eabi/lib/libc.a(lib_a-fini.o)
 .text.__libc_fini_array
                0x00000000       0x48 /opt/gcc-arm-none-eabi-4_9-2015q3/bin/../lib/gcc/arm-none-eabi/4.9.3/../../../../arm-none-eabi/lib/libc.a(lib_a-fini.o)
 .debug_frame   0x00000000       0x34 /opt/gcc-arm-none-eabi-4_9-2015q3/bin/../lib/gcc/arm-none-eabi/4.9.3/../../../../arm-none-eabi/lib/libc.a(lib_a-fini.o)
 .ARM.attributes
                0x00000000       0x30 /opt/gcc-arm-none-eabi-4_9-2015q3/bin/../lib/gcc/arm-none-eabi/4.9.3/../../../../arm-none-eabi/lib/libc.a(lib_a-fini.o)
 .text          0x00000000        0x0 /opt/gcc-arm-none-eabi-4_9-2015q3/bin/../lib/gcc/arm-none-eabi/4.9.3/../../../../arm-none-eabi/lib/libc.a(lib_a-__atexit.o)
 .data          0x00000000        0x0 /opt/gcc-arm-none-eabi-4_9-2015q3/bin/../lib/gcc/arm-none-eabi/4.9.3/../../../../arm-none-eabi/lib/libc.a(lib_a-__atexit.o)
 .bss           0x00000000        0x0 /opt/gcc-arm-none-eabi-4_9-2015q3/bin/../lib/gcc/arm-none-eabi/4.9.3/../../../../arm-none-eabi/lib/libc.a(lib_a-__atexit.o)
 .text.__register_exitproc
                0x00000000       0xe0 /opt/gcc-arm-none-eabi-4_9-2015q3/bin/../lib/gcc/arm-none-eabi/4.9.3/../../../../arm-none-eabi/lib/libc.a(lib_a-__atexit.o)
 .debug_frame   0x00000000       0x3c /opt/gcc-arm-none-eabi-4_9-2015q3/bin/../lib/gcc/arm-none-eabi/4.9.3/../../../../arm-none-eabi/lib/libc.a(lib_a-__atexit.o)
 .ARM.attributes
                0x00000000       0x30 /opt/gcc-arm-none-eabi-4_9-2015q3/bin/../lib/gcc/arm-none-eabi/4.9.3/../../../../arm-none-eabi/lib/libc.a(lib_a-__atexit.o)
 .text          0x00000000        0x0 /opt/gcc-arm-none-eabi-4_9-2015q3/bin/../lib/gcc/arm-none-eabi/4.9.3/crtend.o
 .data          0x00000000        0x0 /opt/gcc-arm-none-eabi-4_9-2015q3/bin/../lib/gcc/arm-none-eabi/4.9.3/crtend.o
 .bss           0x00000000        0x0 /opt/gcc-arm-none-eabi-4_9-2015q3/bin/../lib/gcc/arm-none-eabi/4.9.3/crtend.o
 .eh_frame      0x00000000        0x4 /opt/gcc-arm-none-eabi-4_9-2015q3/bin/../lib/gcc/arm-none-eabi/4.9.3/crtend.o
 .jcr           0x00000000        0x4 /opt/gcc-arm-none-eabi-4_9-2015q3/bin/../lib/gcc/arm-none-eabi/4.9.3/crtend.o
 .ARM.attributes
                0x00000000       0x30 /opt/gcc-arm-none-eabi-4_9-2015q3/bin/../lib/gcc/arm-none-eabi/4.9.3/crtend.o
 .text          0x00000000        0x0 /opt/gcc-arm-none-eabi-4_9-2015q3/bin/../lib/gcc/arm-none-eabi/4.9.3/crtn.o
 .data          0x00000000        0x0 /opt/gcc-arm-none-eabi-4_9-2015q3/bin/../lib/gcc/arm-none-eabi/4.9.3/crtn.o
 .bss           0x00000000        0x0 /opt/gcc-arm-none-eabi-4_9-2015q3/bin/../lib/gcc/arm-none-eabi/4.9.3/crtn.o
 .init          0x00000000        0xc /opt/gcc-arm-none-eabi-4_9-2015q3/bin/../lib/gcc/arm-none-eabi/4.9.3/crtn.o
 .fini          0x00000000        0xc /opt/gcc-arm-none-eabi-4_9-2015q3/bin/../lib/gcc/arm-none-eabi/4.9.3/crtn.o
 .ARM.attributes
                0x00000000       0x18 /opt/gcc-arm-none-eabi-4_9-2015q3/bin/../lib/gcc/arm-none-eabi/4.9.3/crtn.o

Memory Configuration

Name             Origin             Length             Attributes
RAM              0x20000000         0x00005000         xrw
FLASH            0x08000000         0x00020000         xr
FLASHB1          0x00000000         0x00000000         xr
EXTMEMB0         0x00000000         0x00000000         xr
EXTMEMB1         0x00000000         0x00000000         xr
EXTMEMB2         0x00000000         0x00000000         xr
EXTMEMB3         0x00000000         0x00000000         xr
*default*        0x00000000         0xffffffff

Linker script and memory map

LOAD /opt/gcc-arm-none-eabi-4_9-2015q3/bin/../lib/gcc/arm-none-eabi/4.9.3/crti.o
LOAD /opt/gcc-arm-none-eabi-4_9-2015q3/bin/../lib/gcc/arm-none-eabi/4.9.3/crtbegin.o
LOAD /opt/gcc-arm-none-eabi-4_9-2015q3/bin/../lib/gcc/arm-none-eabi/4.9.3/../../../../arm-none-eabi/lib/crt0.o
LOAD main.o
LOAD stm32f10x_it.o
LOAD lib/libstm32.a
START GROUP
LOAD /opt/gcc-arm-none-eabi-4_9-2015q3/bin/../lib/gcc/arm-none-eabi/4.9.3/libgcc.a
LOAD /opt/gcc-arm-none-eabi-4_9-2015q3/bin/../lib/gcc/arm-none-eabi/4.9.3/../../../../arm-none-eabi/lib/libc.a
END GROUP
LOAD /opt/gcc-arm-none-eabi-4_9-2015q3/bin/../lib/gcc/arm-none-eabi/4.9.3/crtend.o
LOAD /opt/gcc-arm-none-eabi-4_9-2015q3/bin/../lib/gcc/arm-none-eabi/4.9.3/crtn.o
                0x00000400                __Stack_Size = 0x400
                0x00000400                PROVIDE (_Stack_Size, __Stack_Size)
                0x20004c00                __Stack_Init = (_estack - __Stack_Size)
                0x20004c00                PROVIDE (_Stack_Init, __Stack_Init)
                0x00000100                _Minimum_Stack_Size = 0x100
                0x00000000                PROVIDE (Undefined_Handler, 0x0)
                0x00000000                PROVIDE (SWI_Handler, 0x0)
                0x00000000                PROVIDE (IRQ_Handler, 0x0)
                0x00000000                PROVIDE (Prefetch_Handler, 0x0)
                0x00000000                PROVIDE (Abort_Handler, 0x0)
                0x00000000                PROVIDE (FIQ_Handler, 0x0)
                0x00000000                PROVIDE (NMIException, 0x0)
                0x00000000                PROVIDE (HardFaultException, 0x0)
                0x00000000                PROVIDE (MemManageException, 0x0)
                0x00000000                PROVIDE (BusFaultException, 0x0)
                0x00000000                PROVIDE (UsageFaultException, 0x0)
                0x00000000                PROVIDE (SVCHandler, 0x0)
                0x00000000                PROVIDE (DebugMonitor, 0x0)
                0x00000000                PROVIDE (PendSVC, 0x0)
                0x00000000                PROVIDE (SysTickHandler, 0x0)
                0x00000000                PROVIDE (WWDG_IRQHandler, 0x0)
                0x00000000                PROVIDE (PVD_IRQHandler, 0x0)
                0x00000000                PROVIDE (TAMPER_IRQHandler, 0x0)
                0x00000000                PROVIDE (RTC_IRQHandler, 0x0)
                0x00000000                PROVIDE (FLASH_IRQHandler, 0x0)
                0x00000000                PROVIDE (RCC_IRQHandler, 0x0)
                0x00000000                PROVIDE (EXTI0_IRQHandler, 0x0)
                0x00000000                PROVIDE (EXTI1_IRQHandler, 0x0)
                0x00000000                PROVIDE (EXTI2_IRQHandler, 0x0)
                0x00000000                PROVIDE (EXTI3_IRQHandler, 0x0)
                0x00000000                PROVIDE (EXTI4_IRQHandler, 0x0)
                0x00000000                PROVIDE (DMAChannel1_IRQHandler, 0x0)
                0x00000000                PROVIDE (DMAChannel2_IRQHandler, 0x0)
                0x00000000                PROVIDE (DMAChannel3_IRQHandler, 0x0)
                0x00000000                PROVIDE (DMAChannel4_IRQHandler, 0x0)
                0x00000000                PROVIDE (DMAChannel5_IRQHandler, 0x0)
                0x00000000                PROVIDE (DMAChannel6_IRQHandler, 0x0)
                0x00000000                PROVIDE (DMAChannel7_IRQHandler, 0x0)
                0x00000000                PROVIDE (ADC_IRQHandler, 0x0)
                0x00000000                PROVIDE (USB_HP_CAN_TX_IRQHandler, 0x0)
                0x00000000                PROVIDE (USB_LP_CAN_RX0_IRQHandler, 0x0)
                0x00000000                PROVIDE (CAN_RX1_IRQHandler, 0x0)
                0x00000000                PROVIDE (CAN_SCE_IRQHandler, 0x0)
                0x00000000                PROVIDE (EXTI9_5_IRQHandler, 0x0)
                0x00000000                PROVIDE (TIM1_BRK_IRQHandler, 0x0)
                0x00000000                PROVIDE (TIM1_UP_IRQHandler, 0x0)
                0x00000000                PROVIDE (TIM1_TRG_COM_IRQHandler, 0x0)
                0x00000000                PROVIDE (TIM1_CC_IRQHandler, 0x0)
                0x00000000                PROVIDE (TIM2_IRQHandler, 0x0)
                0x00000000                PROVIDE (TIM3_IRQHandler, 0x0)
                0x00000000                PROVIDE (TIM4_IRQHandler, 0x0)
                0x00000000                PROVIDE (I2C1_EV_IRQHandler, 0x0)
                0x00000000                PROVIDE (I2C1_ER_IRQHandler, 0x0)
                0x00000000                PROVIDE (I2C2_EV_IRQHandler, 0x0)
                0x00000000                PROVIDE (I2C2_ER_IRQHandler, 0x0)
                0x00000000                PROVIDE (SPI1_IRQHandler, 0x0)
                0x00000000                PROVIDE (SPI2_IRQHandler, 0x0)
                0x00000000                PROVIDE (USART1_IRQHandler, 0x0)
                0x00000000                PROVIDE (USART2_IRQHandler, 0x0)
                0x00000000                PROVIDE (USART3_IRQHandler, 0x0)
                0x00000000                PROVIDE (EXTI15_10_IRQHandler, 0x0)
                0x00000000                PROVIDE (RTCAlarm_IRQHandler, 0x0)
                0x00000000                PROVIDE (USBWakeUp_IRQHandler, 0x0)
                0x42000000                PERIPH_BB_BASE = 0x42000000
                0x22000000                SRAM_BB_BASE = 0x22000000
                0x20000000                SRAM_BASE = 0x20000000
                0x40000000                PERIPH_BASE = 0x40000000
                0x40022000                PROVIDE (FLASH_BASE, 0x40022000)
                0x1ffff800                PROVIDE (OB_BASE, 0x1ffff800)
                0x40000000                APB1PERIPH_BASE = PERIPH_BASE
                0x40010000                APB2PERIPH_BASE = (PERIPH_BASE + 0x10000)
                0x40020000                AHBPERIPH_BASE = (PERIPH_BASE + 0x20000)
                0x40000000                PROVIDE (TIM2, (APB1PERIPH_BASE + 0x0))
                0x40000400                PROVIDE (TIM3, (APB1PERIPH_BASE + 0x400))
                0x40000800                PROVIDE (TIM4, (APB1PERIPH_BASE + 0x800))
                0x40002800                PROVIDE (RTC, (APB1PERIPH_BASE + 0x2800))
                0x40002c00                PROVIDE (WWDG, (APB1PERIPH_BASE + 0x2c00))
                0x40003000                PROVIDE (IWDG, (APB1PERIPH_BASE + 0x3000))
                0x40003800                PROVIDE (SPI2, (APB1PERIPH_BASE + 0x3800))
                0x40004400                PROVIDE (USART2, (APB1PERIPH_BASE + 0x4400))
                0x40004800                PROVIDE (USART3, (APB1PERIPH_BASE + 0x4800))
                0x40005400                PROVIDE (I2C1, (APB1PERIPH_BASE + 0x5400))
                0x40005800                PROVIDE (I2C2, (APB1PERIPH_BASE + 0x5800))
                0x40006400                PROVIDE (CAN, (APB1PERIPH_BASE + 0x6400))
                0x40006c00                PROVIDE (BKP, (APB1PERIPH_BASE + 0x6c00))
                0x40007000                PROVIDE (PWR, (APB1PERIPH_BASE + 0x7000))
                0x40010000                PROVIDE (AFIO, (APB2PERIPH_BASE + 0x0))
                0x40010400                PROVIDE (EXTI, (APB2PERIPH_BASE + 0x400))
                0x40010800                PROVIDE (GPIOA, (APB2PERIPH_BASE + 0x800))
                0x40010c00                PROVIDE (GPIOB, (APB2PERIPH_BASE + 0xc00))
                0x40011000                PROVIDE (GPIOC, (APB2PERIPH_BASE + 0x1000))
                0x40011400                PROVIDE (GPIOD, (APB2PERIPH_BASE + 0x1400))
                0x40011800                PROVIDE (GPIOE, (APB2PERIPH_BASE + 0x1800))
                0x40012400                PROVIDE (ADC1, (APB2PERIPH_BASE + 0x2400))
                0x40012800                PROVIDE (ADC2, (APB2PERIPH_BASE + 0x2800))
                0x40012c00                PROVIDE (TIM1, (APB2PERIPH_BASE + 0x2c00))
                0x40013000                PROVIDE (SPI1, (APB2PERIPH_BASE + 0x3000))
                0x40013800                PROVIDE (USART1, (APB2PERIPH_BASE + 0x3800))
                0x40020000                PROVIDE (DMA, (AHBPERIPH_BASE + 0x0))
                0x40020008                PROVIDE (DMA_Channel1, (AHBPERIPH_BASE + 0x8))
                0x4002001c                PROVIDE (DMA_Channel2, (AHBPERIPH_BASE + 0x1c))
                0x40020030                PROVIDE (DMA_Channel3, (AHBPERIPH_BASE + 0x30))
                0x40020044                PROVIDE (DMA_Channel4, (AHBPERIPH_BASE + 0x44))
                0x40020058                PROVIDE (DMA_Channel5, (AHBPERIPH_BASE + 0x58))
                0x4002006c                PROVIDE (DMA_Channel6, (AHBPERIPH_BASE + 0x6c))
                0x40020080                PROVIDE (DMA_Channel7, (AHBPERIPH_BASE + 0x80))
                0x40021000                PROVIDE (RCC, (AHBPERIPH_BASE + 0x1000))
                0xe000e000                SCS_BASE = 0xe000e000
                0xe000e010                PROVIDE (SysTick, (SCS_BASE + 0x10))
                0xe000e100                PROVIDE (NVIC, (SCS_BASE + 0x100))
                0xe000ed00                PROVIDE (SCB, (SCS_BASE + 0xd00))
                0x20005000                _estack = 0x20005000

.isr_vector     0x08000000      0x10c
                0x08000000                . = ALIGN (0x4)
 *(.isr_vector)
 .isr_vector    0x08000000      0x10c lib/libstm32.a(stm32f10x_vector.o)
                0x08000000                g_pfnVectors
                0x0800010c                . = ALIGN (0x4)

.flashtext      0x0800010c        0x0
                0x0800010c                . = ALIGN (0x4)
 *(.flashtext)
                0x0800010c                . = ALIGN (0x4)

.text           0x0800010c     0x19d0
                0x0800010c                . = ALIGN (0x4)
 *(.text)
 .text          0x0800010c      0x10c main.o
                0x0800010c                main
                0x0800016c                RCC_Configuration
                0x080001e8                NVIC_Configuration
                0x080001f8                Delay
 .text          0x08000218      0x260 stm32f10x_it.o
                0x08000218                NMIException
                0x08000224                HardFaultException
                0x0800022c                MemManageException
                0x08000234                BusFaultException
                0x0800023c                UsageFaultException
                0x08000244                DebugMonitor
                0x08000250                SVCHandler
                0x0800025c                PendSVC
                0x08000268                SysTickHandler
                0x08000274                WWDG_IRQHandler
                0x08000280                PVD_IRQHandler
                0x0800028c                TAMPER_IRQHandler
                0x08000298                RTC_IRQHandler
                0x080002a4                FLASH_IRQHandler
                0x080002b0                RCC_IRQHandler
                0x080002bc                EXTI0_IRQHandler
                0x080002c8                EXTI1_IRQHandler
                0x080002d4                EXTI2_IRQHandler
                0x080002e0                EXTI3_IRQHandler
                0x080002ec                EXTI4_IRQHandler
                0x080002f8                DMAChannel1_IRQHandler
                0x08000304                DMAChannel2_IRQHandler
                0x08000310                DMAChannel3_IRQHandler
                0x0800031c                DMAChannel4_IRQHandler
                0x08000328                DMAChannel5_IRQHandler
                0x08000334                DMAChannel6_IRQHandler
                0x08000340                DMAChannel7_IRQHandler
                0x0800034c                ADC_IRQHandler
                0x08000358                USB_HP_CAN_TX_IRQHandler
                0x08000364                USB_LP_CAN_RX0_IRQHandler
                0x08000370                CAN_RX1_IRQHandler
                0x0800037c                CAN_SCE_IRQHandler
                0x08000388                EXTI9_5_IRQHandler
                0x08000394                TIM1_BRK_IRQHandler
                0x080003a0                TIM1_UP_IRQHandler
                0x080003ac                TIM1_TRG_COM_IRQHandler
                0x080003b8                TIM1_CC_IRQHandler
                0x080003c4                TIM2_IRQHandler
                0x080003d0                TIM3_IRQHandler
                0x080003dc                TIM4_IRQHandler
                0x080003e8                I2C1_EV_IRQHandler
                0x080003f4                I2C1_ER_IRQHandler
                0x08000400                I2C2_EV_IRQHandler
                0x0800040c                I2C2_ER_IRQHandler
                0x08000418                SPI1_IRQHandler
                0x08000424                SPI2_IRQHandler
                0x08000430                USART1_IRQHandler
                0x0800043c                USART2_IRQHandler
                0x08000448                USART3_IRQHandler
                0x08000454                EXTI15_10_IRQHandler
                0x08000460                RTCAlarm_IRQHandler
                0x0800046c                USBWakeUp_IRQHandler
 .text          0x08000478       0x90 lib/libstm32.a(stm32f10x_flash.o)
                0x08000478                FLASH_SetLatency
                0x080004a8                FLASH_HalfCycleAccessCmd
                0x080004d8                FLASH_PrefetchBufferCmd
 .text          0x08000508      0x56c lib/libstm32.a(stm32f10x_gpio.o)
                0x08000508                GPIO_DeInit
                0x080005b0                GPIO_AFIODeInit
                0x080005c8                GPIO_Init
                0x0800074c                GPIO_StructInit
                0x08000774                GPIO_ReadInputDataBit
                0x080007a8                GPIO_ReadInputData
                0x080007c4                GPIO_ReadOutputDataBit
                0x080007f8                GPIO_ReadOutputData
                0x08000814                GPIO_SetBits
                0x08000830                GPIO_ResetBits
                0x0800084c                GPIO_WriteBit
                0x0800087c                GPIO_Write
                0x08000898                GPIO_PinLockConfig
                0x080008dc                GPIO_EventOutputConfig
                0x08000928                GPIO_EventOutputCmd
                0x08000948                GPIO_PinRemapConfig
                0x080009f0                GPIO_EXTILineConfig
 .text          0x08000a74      0x78c lib/libstm32.a(stm32f10x_nvic.o)
                0x08000a74                NVIC_DeInit
                0x08000ad4                NVIC_SCBDeInit
                0x08000b4c                NVIC_PriorityGroupConfig
                0x08000b70                NVIC_Init
                0x08000c8c                NVIC_StructInit
                0x08000cb8                NVIC_SETPRIMASK
                0x08000cc4                NVIC_RESETPRIMASK
                0x08000cd0                NVIC_SETFAULTMASK
                0x08000cdc                NVIC_RESETFAULTMASK
                0x08000ce8                NVIC_BASEPRICONFIG
                0x08000d00                NVIC_GetBASEPRI
                0x08000d10                NVIC_GetCurrentPendingIRQChannel
                0x08000d34                NVIC_GetIRQChannelPendingBitStatus
                0x08000d88                NVIC_SetIRQChannelPendingBit
                0x08000da8                NVIC_ClearIRQChannelPendingBit
                0x08000ddc                NVIC_GetCurrentActiveHandler
                0x08000dfc                NVIC_GetIRQChannelActiveBitStatus
                0x08000e50                NVIC_GetCPUID
                0x08000e68                NVIC_SetVectorTable
                0x08000e94                NVIC_GenerateSystemReset
                0x08000eb0                NVIC_GenerateCoreReset
                0x08000ecc                NVIC_SystemLPConfig
                0x08000f0c                NVIC_SystemHandlerConfig
                0x08000f5c                NVIC_SystemHandlerPriorityConfig
                0x08001028                NVIC_GetSystemHandlerPendingBitStatus
                0x08001084                NVIC_SetSystemHandlerPendingBit
                0x080010b8                NVIC_ClearSystemHandlerPendingBit
                0x080010f0                NVIC_GetSystemHandlerActiveBitStatus
                0x08001148                NVIC_GetFaultHandlerSources
                0x080011c0                NVIC_GetFaultAddress
 .text          0x08001200      0x7ec lib/libstm32.a(stm32f10x_rcc.o)
                0x08001200                RCC_DeInit
                0x08001278                RCC_HSEConfig
                0x080012d4                RCC_WaitForHSEStartUp
                0x08001320                RCC_AdjustHSICalibrationValue
                0x0800135c                RCC_HSICmd
                0x0800137c                RCC_PLLConfig
                0x080013b8                RCC_PLLCmd
                0x080013d8                RCC_SYSCLKConfig
                0x08001410                RCC_GetSYSCLKSource
                0x08001430                RCC_HCLKConfig
                0x08001468                RCC_PCLK1Config
                0x080014a0                RCC_PCLK2Config
                0x080014d8                RCC_ITConfig
                0x08001524                RCC_USBCLKConfig
                0x08001540                RCC_ADCCLKConfig
                0x08001578                RCC_LSEConfig
                0x080015b8                RCC_LSICmd
                0x080015d8                RCC_RTCCLKConfig
                0x080015fc                RCC_RTCCLKCmd
                0x0800161c                RCC_GetClocksFreq
                0x08001778                RCC_AHBPeriphClockCmd
                0x080017b4                RCC_APB2PeriphClockCmd
                0x080017f0                RCC_APB1PeriphClockCmd
                0x0800182c                RCC_APB2PeriphResetCmd
                0x08001868                RCC_APB1PeriphResetCmd
                0x080018a4                RCC_BackupResetCmd
                0x080018c4                RCC_ClockSecuritySystemCmd
                0x080018e4                RCC_MCOConfig
                0x08001904                RCC_GetFlagStatus
                0x08001978                RCC_ClearFlag
                0x08001994                RCC_GetITStatus
                0x080019cc                RCC_ClearITPendingBit
 .text          0x080019ec       0x6e lib/libstm32.a(cortexm3_macro.o)
                0x080019ec                __WFI
                0x080019f0                __WFE
                0x080019f4                __SEV
                0x080019f8                __ISB
                0x080019fe                __DSB
                0x08001a04                __DMB
                0x08001a0a                __SVC
                0x08001a0e                __MRS_CONTROL
                0x08001a14                __MSR_CONTROL
                0x08001a1e                __MRS_PSP
                0x08001a24                __MSR_PSP
                0x08001a2a                __MRS_MSP
                0x08001a30                __MSR_MSP
                0x08001a36                __SETPRIMASK
                0x08001a3a                __RESETPRIMASK
                0x08001a3e                __SETFAULTMASK
                0x08001a42                __RESETFAULTMASK
                0x08001a46                __BASEPRICONFIG
                0x08001a4c                __GetBASEPRI
                0x08001a52                __REV_HalfWord
                0x08001a56                __REV_Word
 *fill*         0x08001a5a        0x2 
 .text          0x08001a5c       0x6c lib/libstm32.a(stm32f10x_vector.o)
                0x08001a5c                Reset_Handler
 *(.text.*)
 *(.rodata)
 .rodata        0x08001ac8       0x14 lib/libstm32.a(stm32f10x_rcc.o)
 *(.rodata*)
 *(.glue_7)
 .glue_7        0x00000000        0x0 linker stubs
 *(.glue_7t)
 .glue_7t       0x00000000        0x0 linker stubs
                0x08001adc                . = ALIGN (0x4)
                0x08001adc                _etext = .
                0x08001adc                _sidata = _etext

.vfp11_veneer   0x08001adc        0x0
 .vfp11_veneer  0x00000000        0x0 linker stubs

.v4_bx          0x08001adc        0x0
 .v4_bx         0x00000000        0x0 linker stubs

.iplt           0x08001adc        0x0
 .iplt          0x00000000        0x0 /opt/gcc-arm-none-eabi-4_9-2015q3/bin/../lib/gcc/arm-none-eabi/4.9.3/crtbegin.o

.rel.dyn        0x08001adc        0x0
 .rel.iplt      0x00000000        0x0 /opt/gcc-arm-none-eabi-4_9-2015q3/bin/../lib/gcc/arm-none-eabi/4.9.3/crtbegin.o

.data           0x20000000        0x0 load address 0x08001adc
                0x20000000                . = ALIGN (0x4)
                0x20000000                _sdata = .
 *(.data)
 *(.data.*)
                0x20000000                . = ALIGN (0x4)
                0x20000000                _edata = .

.igot.plt       0x20000000        0x0
 .igot.plt      0x00000000        0x0 /opt/gcc-arm-none-eabi-4_9-2015q3/bin/../lib/gcc/arm-none-eabi/4.9.3/crtbegin.o

.bss            0x20000000       0x10
                0x20000000                . = ALIGN (0x4)
                0x20000000                _sbss = .
 *(.bss)
 .bss           0x20000000        0x8 lib/libstm32.a(stm32f10x_rcc.o)
 *(COMMON)
 COMMON         0x20000008        0x8 main.o
                0x20000008                HSEStartUpStatus
                0x2000000c                GPIO_InitStructure
                0x20000010                . = ALIGN (0x4)
                0x20000010                _ebss = .
                0x20000010                PROVIDE (end, _ebss)
                0x20000010                PROVIDE (_end, _ebss)

._usrstack      0x20000010      0x100
                0x20000010                . = ALIGN (0x4)
                0x20000010                _susrstack = .
                0x20000110                . = (. + _Minimum_Stack_Size)
 *fill*         0x20000010      0x100 
                0x20000110                . = ALIGN (0x4)
                0x20000110                _eusrstack = .

.b1text
 *(.b1text)
 *(.b1rodata)
 *(.b1rodata*)

.eb0text
 *(.eb0text)
 *(.eb0rodata)
 *(.eb0rodata*)

.eb1text
 *(.eb1text)
 *(.eb1rodata)
 *(.eb1rodata*)

.eb2text
 *(.eb2text)
 *(.eb2rodata)
 *(.eb2rodata*)

.eb3text
 *(.eb3text)
 *(.eb3rodata)
 *(.eb3rodata*)
                0x20000110                __exidx_start = .
                0x20000110                __exidx_end = .

/DISCARD/
 libc.a(*)
 libm.a(*)
 libgcc.a(*)

.stab
 *(.stab)

.stabstr
 *(.stabstr)

.stab.excl
 *(.stab.excl)

.stab.exclstr
 *(.stab.exclstr)

.stab.index
 *(.stab.index)

.stab.indexstr
 *(.stab.indexstr)

.comment        0x00000000       0x70
 *(.comment)
 .comment       0x00000000       0x70 main.o
                                 0x71 (size before relaxing)
 .comment       0x00000000       0x71 stm32f10x_it.o
 .comment       0x00000000       0x71 lib/libstm32.a(stm32f10x_flash.o)
 .comment       0x00000000       0x71 lib/libstm32.a(stm32f10x_gpio.o)
 .comment       0x00000000       0x71 lib/libstm32.a(stm32f10x_nvic.o)
 .comment       0x00000000       0x71 lib/libstm32.a(stm32f10x_rcc.o)
 .comment       0x00000000       0x71 lib/libstm32.a(stm32f10x_vector.o)

.ARM.attributes
                0x00000000       0x31
 .ARM.attributes
                0x00000000       0x33 main.o
 .ARM.attributes
                0x00000033       0x33 stm32f10x_it.o
 .ARM.attributes
                0x00000066       0x33 lib/libstm32.a(stm32f10x_flash.o)
 .ARM.attributes
                0x00000099       0x33 lib/libstm32.a(stm32f10x_gpio.o)
 .ARM.attributes
                0x000000cc       0x33 lib/libstm32.a(stm32f10x_nvic.o)
 .ARM.attributes
                0x000000ff       0x33 lib/libstm32.a(stm32f10x_rcc.o)
 .ARM.attributes
                0x00000132       0x21 lib/libstm32.a(cortexm3_macro.o)
 .ARM.attributes
                0x00000153       0x33 lib/libstm32.a(stm32f10x_vector.o)

.debug
 *(.debug)

.line
 *(.line)

.debug_srcinfo
 *(.debug_srcinfo)

.debug_sfnames
 *(.debug_sfnames)

.debug_aranges  0x00000000      0x100
 *(.debug_aranges)
 .debug_aranges
                0x00000000       0x20 main.o
 .debug_aranges
                0x00000020       0x20 stm32f10x_it.o
 .debug_aranges
                0x00000040       0x20 lib/libstm32.a(stm32f10x_flash.o)
 .debug_aranges
                0x00000060       0x20 lib/libstm32.a(stm32f10x_gpio.o)
 .debug_aranges
                0x00000080       0x20 lib/libstm32.a(stm32f10x_nvic.o)
 .debug_aranges
                0x000000a0       0x20 lib/libstm32.a(stm32f10x_rcc.o)
 .debug_aranges
                0x000000c0       0x20 lib/libstm32.a(cortexm3_macro.o)
 .debug_aranges
                0x000000e0       0x20 lib/libstm32.a(stm32f10x_vector.o)

.debug_pubnames
 *(.debug_pubnames)

.debug_info     0x00000000     0x1ffd
 *(.debug_info .gnu.linkonce.wi.*)
 .debug_info    0x00000000      0x275 main.o
 .debug_info    0x00000275      0x408 stm32f10x_it.o
 .debug_info    0x0000067d      0x157 lib/libstm32.a(stm32f10x_flash.o)
 .debug_info    0x000007d4      0x62a lib/libstm32.a(stm32f10x_gpio.o)
 .debug_info    0x00000dfe      0x89d lib/libstm32.a(stm32f10x_nvic.o)
 .debug_info    0x0000169b      0x82a lib/libstm32.a(stm32f10x_rcc.o)
 .debug_info    0x00001ec5       0x61 lib/libstm32.a(cortexm3_macro.o)
 .debug_info    0x00001f26       0xd7 lib/libstm32.a(stm32f10x_vector.o)

.debug_abbrev   0x00000000      0x87f
 *(.debug_abbrev)
 .debug_abbrev  0x00000000      0x101 main.o
 .debug_abbrev  0x00000101       0x5a stm32f10x_it.o
 .debug_abbrev  0x0000015b       0xac lib/libstm32.a(stm32f10x_flash.o)
 .debug_abbrev  0x00000207      0x1ac lib/libstm32.a(stm32f10x_gpio.o)
 .debug_abbrev  0x000003b3      0x242 lib/libstm32.a(stm32f10x_nvic.o)
 .debug_abbrev  0x000005f5      0x1d4 lib/libstm32.a(stm32f10x_rcc.o)
 .debug_abbrev  0x000007c9       0x14 lib/libstm32.a(cortexm3_macro.o)
 .debug_abbrev  0x000007dd       0xa2 lib/libstm32.a(stm32f10x_vector.o)

.debug_line     0x00000000      0x834
 *(.debug_line)
 .debug_line    0x00000000       0xcf main.o
 .debug_line    0x000000cf      0x11b stm32f10x_it.o
 .debug_line    0x000001ea       0x88 lib/libstm32.a(stm32f10x_flash.o)
 .debug_line    0x00000272      0x165 lib/libstm32.a(stm32f10x_gpio.o)
 .debug_line    0x000003d7      0x1ae lib/libstm32.a(stm32f10x_nvic.o)
 .debug_line    0x00000585      0x1b9 lib/libstm32.a(stm32f10x_rcc.o)
 .debug_line    0x0000073e       0x9a lib/libstm32.a(cortexm3_macro.o)
 .debug_line    0x000007d8       0x5c lib/libstm32.a(stm32f10x_vector.o)

.debug_frame    0x00000000     0x13b0
 *(.debug_frame)
 .debug_frame   0x00000000       0x8c main.o
 .debug_frame   0x0000008c      0x670 stm32f10x_it.o
 .debug_frame   0x000006fc       0x88 lib/libstm32.a(stm32f10x_flash.o)
 .debug_frame   0x00000784      0x2a8 lib/libstm32.a(stm32f10x_gpio.o)
 .debug_frame   0x00000a2c      0x458 lib/libstm32.a(stm32f10x_nvic.o)
 .debug_frame   0x00000e84      0x4ec lib/libstm32.a(stm32f10x_rcc.o)
 .debug_frame   0x00001370       0x40 lib/libstm32.a(stm32f10x_vector.o)

.debug_str      0x00000000     0x12ca
 *(.debug_str)
 .debug_str     0x00000000      0x28e main.o
                                0x2c8 (size before relaxing)
 .debug_str     0x0000028e      0x3ca stm32f10x_it.o
                                0x4df (size before relaxing)
 .debug_str     0x00000658       0xb9 lib/libstm32.a(stm32f10x_flash.o)
                                0x1a6 (size before relaxing)
 .debug_str     0x00000711      0x224 lib/libstm32.a(stm32f10x_gpio.o)
                                0x438 (size before relaxing)
 .debug_str     0x00000935      0x50d lib/libstm32.a(stm32f10x_nvic.o)
                                0x650 (size before relaxing)
 .debug_str     0x00000e42      0x419 lib/libstm32.a(stm32f10x_rcc.o)
                                0x582 (size before relaxing)
 .debug_str     0x0000125b       0x6f lib/libstm32.a(stm32f10x_vector.o)
                                0x112 (size before relaxing)

.debug_loc
 *(.debug_loc)

.debug_macinfo
 *(.debug_macinfo)

.debug_weaknames
 *(.debug_weaknames)

.debug_funcnames
 *(.debug_funcnames)

.debug_typenames
 *(.debug_typenames)

.debug_varnames
 *(.debug_varnames)
OUTPUT(main.elf elf32-littlearm)

Cross Reference Table

Symbol                                            File
ADC_IRQHandler                                    stm32f10x_it.o
                                                  lib/libstm32.a(stm32f10x_vector.o)
BusFaultException                                 stm32f10x_it.o
                                                  lib/libstm32.a(stm32f10x_vector.o)
CAN_RX1_IRQHandler                                stm32f10x_it.o
                                                  lib/libstm32.a(stm32f10x_vector.o)
CAN_SCE_IRQHandler                                stm32f10x_it.o
                                                  lib/libstm32.a(stm32f10x_vector.o)
DMAChannel1_IRQHandler                            stm32f10x_it.o
                                                  lib/libstm32.a(stm32f10x_vector.o)
DMAChannel2_IRQHandler                            stm32f10x_it.o
                                                  lib/libstm32.a(stm32f10x_vector.o)
DMAChannel3_IRQHandler                            stm32f10x_it.o
                                                  lib/libstm32.a(stm32f10x_vector.o)
DMAChannel4_IRQHandler                            stm32f10x_it.o
                                                  lib/libstm32.a(stm32f10x_vector.o)
DMAChannel5_IRQHandler                            stm32f10x_it.o
                                                  lib/libstm32.a(stm32f10x_vector.o)
DMAChannel6_IRQHandler                            stm32f10x_it.o
                                                  lib/libstm32.a(stm32f10x_vector.o)
DMAChannel7_IRQHandler                            stm32f10x_it.o
                                                  lib/libstm32.a(stm32f10x_vector.o)
DebugMonitor                                      stm32f10x_it.o
                                                  lib/libstm32.a(stm32f10x_vector.o)
Delay                                             main.o
EXTI0_IRQHandler                                  stm32f10x_it.o
                                                  lib/libstm32.a(stm32f10x_vector.o)
EXTI15_10_IRQHandler                              stm32f10x_it.o
                                                  lib/libstm32.a(stm32f10x_vector.o)
EXTI1_IRQHandler                                  stm32f10x_it.o
                                                  lib/libstm32.a(stm32f10x_vector.o)
EXTI2_IRQHandler                                  stm32f10x_it.o
                                                  lib/libstm32.a(stm32f10x_vector.o)
EXTI3_IRQHandler                                  stm32f10x_it.o
                                                  lib/libstm32.a(stm32f10x_vector.o)
EXTI4_IRQHandler                                  stm32f10x_it.o
                                                  lib/libstm32.a(stm32f10x_vector.o)
EXTI9_5_IRQHandler                                stm32f10x_it.o
                                                  lib/libstm32.a(stm32f10x_vector.o)
FLASH_HalfCycleAccessCmd                          lib/libstm32.a(stm32f10x_flash.o)
FLASH_IRQHandler                                  stm32f10x_it.o
                                                  lib/libstm32.a(stm32f10x_vector.o)
FLASH_PrefetchBufferCmd                           lib/libstm32.a(stm32f10x_flash.o)
                                                  main.o
FLASH_SetLatency                                  lib/libstm32.a(stm32f10x_flash.o)
                                                  main.o
GPIO_AFIODeInit                                   lib/libstm32.a(stm32f10x_gpio.o)
GPIO_DeInit                                       lib/libstm32.a(stm32f10x_gpio.o)
GPIO_EXTILineConfig                               lib/libstm32.a(stm32f10x_gpio.o)
GPIO_EventOutputCmd                               lib/libstm32.a(stm32f10x_gpio.o)
GPIO_EventOutputConfig                            lib/libstm32.a(stm32f10x_gpio.o)
GPIO_Init                                         lib/libstm32.a(stm32f10x_gpio.o)
                                                  main.o
GPIO_InitStructure                                main.o
GPIO_PinLockConfig                                lib/libstm32.a(stm32f10x_gpio.o)
GPIO_PinRemapConfig                               lib/libstm32.a(stm32f10x_gpio.o)
GPIO_ReadInputData                                lib/libstm32.a(stm32f10x_gpio.o)
GPIO_ReadInputDataBit                             lib/libstm32.a(stm32f10x_gpio.o)
GPIO_ReadOutputData                               lib/libstm32.a(stm32f10x_gpio.o)
GPIO_ReadOutputDataBit                            lib/libstm32.a(stm32f10x_gpio.o)
GPIO_ResetBits                                    lib/libstm32.a(stm32f10x_gpio.o)
                                                  main.o
GPIO_SetBits                                      lib/libstm32.a(stm32f10x_gpio.o)
                                                  main.o
GPIO_StructInit                                   lib/libstm32.a(stm32f10x_gpio.o)
GPIO_Write                                        lib/libstm32.a(stm32f10x_gpio.o)
GPIO_WriteBit                                     lib/libstm32.a(stm32f10x_gpio.o)
HSEStartUpStatus                                  main.o
HardFaultException                                stm32f10x_it.o
                                                  lib/libstm32.a(stm32f10x_vector.o)
I2C1_ER_IRQHandler                                stm32f10x_it.o
                                                  lib/libstm32.a(stm32f10x_vector.o)
I2C1_EV_IRQHandler                                stm32f10x_it.o
                                                  lib/libstm32.a(stm32f10x_vector.o)
I2C2_ER_IRQHandler                                stm32f10x_it.o
                                                  lib/libstm32.a(stm32f10x_vector.o)
I2C2_EV_IRQHandler                                stm32f10x_it.o
                                                  lib/libstm32.a(stm32f10x_vector.o)
MemManageException                                stm32f10x_it.o
                                                  lib/libstm32.a(stm32f10x_vector.o)
NMIException                                      stm32f10x_it.o
                                                  lib/libstm32.a(stm32f10x_vector.o)
NVIC_BASEPRICONFIG                                lib/libstm32.a(stm32f10x_nvic.o)
NVIC_ClearIRQChannelPendingBit                    lib/libstm32.a(stm32f10x_nvic.o)
NVIC_ClearSystemHandlerPendingBit                 lib/libstm32.a(stm32f10x_nvic.o)
NVIC_Configuration                                main.o
NVIC_DeInit                                       lib/libstm32.a(stm32f10x_nvic.o)
NVIC_GenerateCoreReset                            lib/libstm32.a(stm32f10x_nvic.o)
NVIC_GenerateSystemReset                          lib/libstm32.a(stm32f10x_nvic.o)
NVIC_GetBASEPRI                                   lib/libstm32.a(stm32f10x_nvic.o)
NVIC_GetCPUID                                     lib/libstm32.a(stm32f10x_nvic.o)
NVIC_GetCurrentActiveHandler                      lib/libstm32.a(stm32f10x_nvic.o)
NVIC_GetCurrentPendingIRQChannel                  lib/libstm32.a(stm32f10x_nvic.o)
NVIC_GetFaultAddress                              lib/libstm32.a(stm32f10x_nvic.o)
NVIC_GetFaultHandlerSources                       lib/libstm32.a(stm32f10x_nvic.o)
NVIC_GetIRQChannelActiveBitStatus                 lib/libstm32.a(stm32f10x_nvic.o)
NVIC_GetIRQChannelPendingBitStatus                lib/libstm32.a(stm32f10x_nvic.o)
NVIC_GetSystemHandlerActiveBitStatus              lib/libstm32.a(stm32f10x_nvic.o)
NVIC_GetSystemHandlerPendingBitStatus             lib/libstm32.a(stm32f10x_nvic.o)
NVIC_Init                                         lib/libstm32.a(stm32f10x_nvic.o)
NVIC_PriorityGroupConfig                          lib/libstm32.a(stm32f10x_nvic.o)
NVIC_RESETFAULTMASK                               lib/libstm32.a(stm32f10x_nvic.o)
NVIC_RESETPRIMASK                                 lib/libstm32.a(stm32f10x_nvic.o)
NVIC_SCBDeInit                                    lib/libstm32.a(stm32f10x_nvic.o)
NVIC_SETFAULTMASK                                 lib/libstm32.a(stm32f10x_nvic.o)
NVIC_SETPRIMASK                                   lib/libstm32.a(stm32f10x_nvic.o)
NVIC_SetIRQChannelPendingBit                      lib/libstm32.a(stm32f10x_nvic.o)
NVIC_SetSystemHandlerPendingBit                   lib/libstm32.a(stm32f10x_nvic.o)
NVIC_SetVectorTable                               lib/libstm32.a(stm32f10x_nvic.o)
                                                  main.o
NVIC_StructInit                                   lib/libstm32.a(stm32f10x_nvic.o)
NVIC_SystemHandlerConfig                          lib/libstm32.a(stm32f10x_nvic.o)
NVIC_SystemHandlerPriorityConfig                  lib/libstm32.a(stm32f10x_nvic.o)
NVIC_SystemLPConfig                               lib/libstm32.a(stm32f10x_nvic.o)
PVD_IRQHandler                                    stm32f10x_it.o
                                                  lib/libstm32.a(stm32f10x_vector.o)
PendSVC                                           stm32f10x_it.o
                                                  lib/libstm32.a(stm32f10x_vector.o)
RCC_ADCCLKConfig                                  lib/libstm32.a(stm32f10x_rcc.o)
RCC_AHBPeriphClockCmd                             lib/libstm32.a(stm32f10x_rcc.o)
RCC_APB1PeriphClockCmd                            lib/libstm32.a(stm32f10x_rcc.o)
RCC_APB1PeriphResetCmd                            lib/libstm32.a(stm32f10x_rcc.o)
RCC_APB2PeriphClockCmd                            lib/libstm32.a(stm32f10x_rcc.o)
                                                  main.o
RCC_APB2PeriphResetCmd                            lib/libstm32.a(stm32f10x_rcc.o)
                                                  lib/libstm32.a(stm32f10x_gpio.o)
RCC_AdjustHSICalibrationValue                     lib/libstm32.a(stm32f10x_rcc.o)
RCC_BackupResetCmd                                lib/libstm32.a(stm32f10x_rcc.o)
RCC_ClearFlag                                     lib/libstm32.a(stm32f10x_rcc.o)
RCC_ClearITPendingBit                             lib/libstm32.a(stm32f10x_rcc.o)
RCC_ClockSecuritySystemCmd                        lib/libstm32.a(stm32f10x_rcc.o)
RCC_Configuration                                 main.o
RCC_DeInit                                        lib/libstm32.a(stm32f10x_rcc.o)
                                                  main.o
RCC_GetClocksFreq                                 lib/libstm32.a(stm32f10x_rcc.o)
RCC_GetFlagStatus                                 lib/libstm32.a(stm32f10x_rcc.o)
                                                  main.o
RCC_GetITStatus                                   lib/libstm32.a(stm32f10x_rcc.o)
RCC_GetSYSCLKSource                               lib/libstm32.a(stm32f10x_rcc.o)
                                                  main.o
RCC_HCLKConfig                                    lib/libstm32.a(stm32f10x_rcc.o)
                                                  main.o
RCC_HSEConfig                                     lib/libstm32.a(stm32f10x_rcc.o)
                                                  main.o
RCC_HSICmd                                        lib/libstm32.a(stm32f10x_rcc.o)
RCC_IRQHandler                                    stm32f10x_it.o
                                                  lib/libstm32.a(stm32f10x_vector.o)
RCC_ITConfig                                      lib/libstm32.a(stm32f10x_rcc.o)
RCC_LSEConfig                                     lib/libstm32.a(stm32f10x_rcc.o)
RCC_LSICmd                                        lib/libstm32.a(stm32f10x_rcc.o)
RCC_MCOConfig                                     lib/libstm32.a(stm32f10x_rcc.o)
RCC_PCLK1Config                                   lib/libstm32.a(stm32f10x_rcc.o)
                                                  main.o
RCC_PCLK2Config                                   lib/libstm32.a(stm32f10x_rcc.o)
                                                  main.o
RCC_PLLCmd                                        lib/libstm32.a(stm32f10x_rcc.o)
                                                  main.o
RCC_PLLConfig                                     lib/libstm32.a(stm32f10x_rcc.o)
                                                  main.o
RCC_RTCCLKCmd                                     lib/libstm32.a(stm32f10x_rcc.o)
RCC_RTCCLKConfig                                  lib/libstm32.a(stm32f10x_rcc.o)
RCC_SYSCLKConfig                                  lib/libstm32.a(stm32f10x_rcc.o)
                                                  main.o
RCC_USBCLKConfig                                  lib/libstm32.a(stm32f10x_rcc.o)
RCC_WaitForHSEStartUp                             lib/libstm32.a(stm32f10x_rcc.o)
                                                  main.o
RTCAlarm_IRQHandler                               stm32f10x_it.o
                                                  lib/libstm32.a(stm32f10x_vector.o)
RTC_IRQHandler                                    stm32f10x_it.o
                                                  lib/libstm32.a(stm32f10x_vector.o)
Reset_Handler                                     lib/libstm32.a(stm32f10x_vector.o)
SPI1_IRQHandler                                   stm32f10x_it.o
                                                  lib/libstm32.a(stm32f10x_vector.o)
SPI2_IRQHandler                                   stm32f10x_it.o
                                                  lib/libstm32.a(stm32f10x_vector.o)
SVCHandler                                        stm32f10x_it.o
                                                  lib/libstm32.a(stm32f10x_vector.o)
SysTickHandler                                    stm32f10x_it.o
                                                  lib/libstm32.a(stm32f10x_vector.o)
TAMPER_IRQHandler                                 stm32f10x_it.o
                                                  lib/libstm32.a(stm32f10x_vector.o)
TIM1_BRK_IRQHandler                               stm32f10x_it.o
                                                  lib/libstm32.a(stm32f10x_vector.o)
TIM1_CC_IRQHandler                                stm32f10x_it.o
                                                  lib/libstm32.a(stm32f10x_vector.o)
TIM1_TRG_COM_IRQHandler                           stm32f10x_it.o
                                                  lib/libstm32.a(stm32f10x_vector.o)
TIM1_UP_IRQHandler                                stm32f10x_it.o
                                                  lib/libstm32.a(stm32f10x_vector.o)
TIM2_IRQHandler                                   stm32f10x_it.o
                                                  lib/libstm32.a(stm32f10x_vector.o)
TIM3_IRQHandler                                   stm32f10x_it.o
                                                  lib/libstm32.a(stm32f10x_vector.o)
TIM4_IRQHandler                                   stm32f10x_it.o
                                                  lib/libstm32.a(stm32f10x_vector.o)
USART1_IRQHandler                                 stm32f10x_it.o
                                                  lib/libstm32.a(stm32f10x_vector.o)
USART2_IRQHandler                                 stm32f10x_it.o
                                                  lib/libstm32.a(stm32f10x_vector.o)
USART3_IRQHandler                                 stm32f10x_it.o
                                                  lib/libstm32.a(stm32f10x_vector.o)
USBWakeUp_IRQHandler                              stm32f10x_it.o
                                                  lib/libstm32.a(stm32f10x_vector.o)
USB_HP_CAN_TX_IRQHandler                          stm32f10x_it.o
                                                  lib/libstm32.a(stm32f10x_vector.o)
USB_LP_CAN_RX0_IRQHandler                         stm32f10x_it.o
                                                  lib/libstm32.a(stm32f10x_vector.o)
UsageFaultException                               stm32f10x_it.o
                                                  lib/libstm32.a(stm32f10x_vector.o)
WWDG_IRQHandler                                   stm32f10x_it.o
                                                  lib/libstm32.a(stm32f10x_vector.o)
_Jv_RegisterClasses                               /opt/gcc-arm-none-eabi-4_9-2015q3/bin/../lib/gcc/arm-none-eabi/4.9.3/crtbegin.o
__BASEPRICONFIG                                   lib/libstm32.a(cortexm3_macro.o)
                                                  lib/libstm32.a(stm32f10x_nvic.o)
__DMB                                             lib/libstm32.a(cortexm3_macro.o)
__DSB                                             lib/libstm32.a(cortexm3_macro.o)
__GetBASEPRI                                      lib/libstm32.a(cortexm3_macro.o)
                                                  lib/libstm32.a(stm32f10x_nvic.o)
__ISB                                             lib/libstm32.a(cortexm3_macro.o)
__MRS_CONTROL                                     lib/libstm32.a(cortexm3_macro.o)
__MRS_MSP                                         lib/libstm32.a(cortexm3_macro.o)
__MRS_PSP                                         lib/libstm32.a(cortexm3_macro.o)
__MSR_CONTROL                                     lib/libstm32.a(cortexm3_macro.o)
__MSR_MSP                                         lib/libstm32.a(cortexm3_macro.o)
__MSR_PSP                                         lib/libstm32.a(cortexm3_macro.o)
__RESETFAULTMASK                                  lib/libstm32.a(cortexm3_macro.o)
                                                  lib/libstm32.a(stm32f10x_nvic.o)
__RESETPRIMASK                                    lib/libstm32.a(cortexm3_macro.o)
                                                  lib/libstm32.a(stm32f10x_nvic.o)
__REV_HalfWord                                    lib/libstm32.a(cortexm3_macro.o)
__REV_Word                                        lib/libstm32.a(cortexm3_macro.o)
__SETFAULTMASK                                    lib/libstm32.a(cortexm3_macro.o)
                                                  lib/libstm32.a(stm32f10x_nvic.o)
__SETPRIMASK                                      lib/libstm32.a(cortexm3_macro.o)
                                                  lib/libstm32.a(stm32f10x_nvic.o)
__SEV                                             lib/libstm32.a(cortexm3_macro.o)
__SVC                                             lib/libstm32.a(cortexm3_macro.o)
__WFE                                             lib/libstm32.a(cortexm3_macro.o)
__WFI                                             lib/libstm32.a(cortexm3_macro.o)
__bss_end__                                       /opt/gcc-arm-none-eabi-4_9-2015q3/bin/../lib/gcc/arm-none-eabi/4.9.3/../../../../arm-none-eabi/lib/crt0.o
__bss_start__                                     /opt/gcc-arm-none-eabi-4_9-2015q3/bin/../lib/gcc/arm-none-eabi/4.9.3/../../../../arm-none-eabi/lib/crt0.o
__call_exitprocs                                  /opt/gcc-arm-none-eabi-4_9-2015q3/bin/../lib/gcc/arm-none-eabi/4.9.3/../../../../arm-none-eabi/lib/libc.a(lib_a-__call_atexit.o)
                                                  /opt/gcc-arm-none-eabi-4_9-2015q3/bin/../lib/gcc/arm-none-eabi/4.9.3/../../../../arm-none-eabi/lib/libc.a(lib_a-exit.o)
__deregister_frame_info                           /opt/gcc-arm-none-eabi-4_9-2015q3/bin/../lib/gcc/arm-none-eabi/4.9.3/crtbegin.o
__dso_handle                                      /opt/gcc-arm-none-eabi-4_9-2015q3/bin/../lib/gcc/arm-none-eabi/4.9.3/crtbegin.o
__fini_array_end                                  /opt/gcc-arm-none-eabi-4_9-2015q3/bin/../lib/gcc/arm-none-eabi/4.9.3/../../../../arm-none-eabi/lib/libc.a(lib_a-fini.o)
__fini_array_start                                /opt/gcc-arm-none-eabi-4_9-2015q3/bin/../lib/gcc/arm-none-eabi/4.9.3/../../../../arm-none-eabi/lib/libc.a(lib_a-fini.o)
__init_array_end                                  /opt/gcc-arm-none-eabi-4_9-2015q3/bin/../lib/gcc/arm-none-eabi/4.9.3/../../../../arm-none-eabi/lib/libc.a(lib_a-init.o)
__init_array_start                                /opt/gcc-arm-none-eabi-4_9-2015q3/bin/../lib/gcc/arm-none-eabi/4.9.3/../../../../arm-none-eabi/lib/libc.a(lib_a-init.o)
__libc_fini                                       /opt/gcc-arm-none-eabi-4_9-2015q3/bin/../lib/gcc/arm-none-eabi/4.9.3/../../../../arm-none-eabi/lib/libc.a(lib_a-__call_atexit.o)
__libc_fini_array                                 /opt/gcc-arm-none-eabi-4_9-2015q3/bin/../lib/gcc/arm-none-eabi/4.9.3/../../../../arm-none-eabi/lib/libc.a(lib_a-fini.o)
                                                  /opt/gcc-arm-none-eabi-4_9-2015q3/bin/../lib/gcc/arm-none-eabi/4.9.3/../../../../arm-none-eabi/lib/libc.a(lib_a-__call_atexit.o)
                                                  /opt/gcc-arm-none-eabi-4_9-2015q3/bin/../lib/gcc/arm-none-eabi/4.9.3/../../../../arm-none-eabi/lib/crt0.o
__libc_init_array                                 /opt/gcc-arm-none-eabi-4_9-2015q3/bin/../lib/gcc/arm-none-eabi/4.9.3/../../../../arm-none-eabi/lib/libc.a(lib_a-init.o)
                                                  /opt/gcc-arm-none-eabi-4_9-2015q3/bin/../lib/gcc/arm-none-eabi/4.9.3/../../../../arm-none-eabi/lib/crt0.o
__preinit_array_end                               /opt/gcc-arm-none-eabi-4_9-2015q3/bin/../lib/gcc/arm-none-eabi/4.9.3/../../../../arm-none-eabi/lib/libc.a(lib_a-init.o)
__preinit_array_start                             /opt/gcc-arm-none-eabi-4_9-2015q3/bin/../lib/gcc/arm-none-eabi/4.9.3/../../../../arm-none-eabi/lib/libc.a(lib_a-init.o)
__register_exitproc                               /opt/gcc-arm-none-eabi-4_9-2015q3/bin/../lib/gcc/arm-none-eabi/4.9.3/../../../../arm-none-eabi/lib/libc.a(lib_a-__atexit.o)
                                                  /opt/gcc-arm-none-eabi-4_9-2015q3/bin/../lib/gcc/arm-none-eabi/4.9.3/../../../../arm-none-eabi/lib/libc.a(lib_a-atexit.o)
__register_frame_info                             /opt/gcc-arm-none-eabi-4_9-2015q3/bin/../lib/gcc/arm-none-eabi/4.9.3/crtbegin.o
__stack                                           /opt/gcc-arm-none-eabi-4_9-2015q3/bin/../lib/gcc/arm-none-eabi/4.9.3/../../../../arm-none-eabi/lib/crt0.o
_ebss                                             lib/libstm32.a(stm32f10x_vector.o)
_edata                                            lib/libstm32.a(stm32f10x_vector.o)
_estack                                           lib/libstm32.a(stm32f10x_vector.o)
_exit                                             /opt/gcc-arm-none-eabi-4_9-2015q3/bin/../lib/gcc/arm-none-eabi/4.9.3/../../../../arm-none-eabi/lib/libc.a(lib_a-exit.o)
_fini                                             /opt/gcc-arm-none-eabi-4_9-2015q3/bin/../lib/gcc/arm-none-eabi/4.9.3/crti.o
                                                  /opt/gcc-arm-none-eabi-4_9-2015q3/bin/../lib/gcc/arm-none-eabi/4.9.3/../../../../arm-none-eabi/lib/libc.a(lib_a-fini.o)
_global_impure_ptr                                /opt/gcc-arm-none-eabi-4_9-2015q3/bin/../lib/gcc/arm-none-eabi/4.9.3/../../../../arm-none-eabi/lib/libc.a(lib_a-impure.o)
                                                  /opt/gcc-arm-none-eabi-4_9-2015q3/bin/../lib/gcc/arm-none-eabi/4.9.3/../../../../arm-none-eabi/lib/libc.a(lib_a-__atexit.o)
                                                  /opt/gcc-arm-none-eabi-4_9-2015q3/bin/../lib/gcc/arm-none-eabi/4.9.3/../../../../arm-none-eabi/lib/libc.a(lib_a-__call_atexit.o)
                                                  /opt/gcc-arm-none-eabi-4_9-2015q3/bin/../lib/gcc/arm-none-eabi/4.9.3/../../../../arm-none-eabi/lib/libc.a(lib_a-exit.o)
_impure_ptr                                       /opt/gcc-arm-none-eabi-4_9-2015q3/bin/../lib/gcc/arm-none-eabi/4.9.3/../../../../arm-none-eabi/lib/libc.a(lib_a-impure.o)
_init                                             /opt/gcc-arm-none-eabi-4_9-2015q3/bin/../lib/gcc/arm-none-eabi/4.9.3/crti.o
                                                  /opt/gcc-arm-none-eabi-4_9-2015q3/bin/../lib/gcc/arm-none-eabi/4.9.3/../../../../arm-none-eabi/lib/libc.a(lib_a-init.o)
_mainCRTStartup                                   /opt/gcc-arm-none-eabi-4_9-2015q3/bin/../lib/gcc/arm-none-eabi/4.9.3/../../../../arm-none-eabi/lib/crt0.o
_sbss                                             lib/libstm32.a(stm32f10x_vector.o)
_sdata                                            lib/libstm32.a(stm32f10x_vector.o)
_sidata                                           lib/libstm32.a(stm32f10x_vector.o)
_start                                            /opt/gcc-arm-none-eabi-4_9-2015q3/bin/../lib/gcc/arm-none-eabi/4.9.3/../../../../arm-none-eabi/lib/crt0.o
atexit                                            /opt/gcc-arm-none-eabi-4_9-2015q3/bin/../lib/gcc/arm-none-eabi/4.9.3/../../../../arm-none-eabi/lib/libc.a(lib_a-atexit.o)
                                                  /opt/gcc-arm-none-eabi-4_9-2015q3/bin/../lib/gcc/arm-none-eabi/4.9.3/../../../../arm-none-eabi/lib/libc.a(lib_a-__call_atexit.o)
                                                  /opt/gcc-arm-none-eabi-4_9-2015q3/bin/../lib/gcc/arm-none-eabi/4.9.3/../../../../arm-none-eabi/lib/crt0.o
exit                                              /opt/gcc-arm-none-eabi-4_9-2015q3/bin/../lib/gcc/arm-none-eabi/4.9.3/../../../../arm-none-eabi/lib/libc.a(lib_a-exit.o)
                                                  /opt/gcc-arm-none-eabi-4_9-2015q3/bin/../lib/gcc/arm-none-eabi/4.9.3/../../../../arm-none-eabi/lib/crt0.o
free                                              /opt/gcc-arm-none-eabi-4_9-2015q3/bin/../lib/gcc/arm-none-eabi/4.9.3/../../../../arm-none-eabi/lib/libc.a(lib_a-__call_atexit.o)
g_pfnVectors                                      lib/libstm32.a(stm32f10x_vector.o)
hardware_init_hook                                /opt/gcc-arm-none-eabi-4_9-2015q3/bin/../lib/gcc/arm-none-eabi/4.9.3/../../../../arm-none-eabi/lib/crt0.o
main                                              main.o
                                                  lib/libstm32.a(stm32f10x_vector.o)
                                                  /opt/gcc-arm-none-eabi-4_9-2015q3/bin/../lib/gcc/arm-none-eabi/4.9.3/../../../../arm-none-eabi/lib/crt0.o
malloc                                            /opt/gcc-arm-none-eabi-4_9-2015q3/bin/../lib/gcc/arm-none-eabi/4.9.3/../../../../arm-none-eabi/lib/libc.a(lib_a-__atexit.o)
memset                                            /opt/gcc-arm-none-eabi-4_9-2015q3/bin/../lib/gcc/arm-none-eabi/4.9.3/../../../../arm-none-eabi/lib/libc.a(lib_a-memset.o)
                                                  /opt/gcc-arm-none-eabi-4_9-2015q3/bin/../lib/gcc/arm-none-eabi/4.9.3/../../../../arm-none-eabi/lib/crt0.o
software_init_hook                                /opt/gcc-arm-none-eabi-4_9-2015q3/bin/../lib/gcc/arm-none-eabi/4.9.3/../../../../arm-none-eabi/lib/crt0.o
